[   12.430621] overlayfs: ovl_dir_ioctl called: cmd=0x40104f01
[   12.430666] overlayfs: ovl_checkpoint: old upper injected as lower[1]
[   12.430780] overlayfs: ckpt_v25 kind=unknown ns: parse=14384 kernpath=41226 swap=88614 free=1080 tail=1376 total=146680
[   12.466763] overlayfs: ovl_dir_ioctl called: cmd=0x40104f01
[   12.466775] overlayfs: ovl_chk_busy: open inode (ino=3068100, count=1)
[   12.466778] overlayfs: ovl_checkpoint: continuing despite 1 open inodes (Lazy Switch enabled)
[   12.466795] overlayfs: ovl_checkpoint: old upper injected as lower[1]
[   12.466872] overlayfs: ckpt_v25 kind=unknown ns: parse=10118 kernpath=18314 swap=71029 free=400 tail=1100 total=100961
[   12.500491] overlayfs: ovl_dir_ioctl called: cmd=0x40104f01
[   12.500523] overlayfs: ovl_checkpoint: old upper injected as lower[1]
[   12.500584] overlayfs: ckpt_v25 kind=unknown ns: parse=10527 kernpath=19397 swap=54199 free=609 tail=189 total=84921
[   12.508764] overlayfs: ovl_dir_ioctl called: cmd=0x40104f01
[   12.508805] overlayfs: ovl_checkpoint: old upper injected as lower[1]
[   12.508886] overlayfs: ckpt_v25 kind=unknown ns: parse=12618 kernpath=24840 swap=71034 free=1865 tail=688 total=111045
[   12.519099] overlayfs: ovl_dir_ioctl called: cmd=0x40104f01
[   12.519137] overlayfs: ovl_checkpoint: old upper injected as lower[1]
[   12.519205] overlayfs: ckpt_v25 kind=unknown ns: parse=12909 kernpath=23194 swap=51332 free=7489 tail=674 total=95598
[   12.549929] overlayfs: ovl_dir_ioctl called: cmd=0x40104f01
[   12.549954] overlayfs: ovl_checkpoint: old upper injected as lower[1]
[   12.550003] overlayfs: ckpt_v25 kind=unknown ns: parse=3840 kernpath=17443 swap=41964 free=410 tail=271 total=63928
[   12.581595] overlayfs: ovl_dir_ioctl called: cmd=0x40104f01
[   12.581617] overlayfs: ovl_checkpoint: old upper injected as lower[1]
[   12.612388] overlayfs: ovl_dir_ioctl called: cmd=0x40104f01
[   12.612472] overlayfs: ovl_checkpoint: old upper injected as lower[1]
[   12.647118] overlayfs: ovl_dir_ioctl called: cmd=0x40104f01
[   12.647140] overlayfs: ovl_checkpoint: old upper injected as lower[1]
[   12.692334] overlayfs: ovl_dir_ioctl called: cmd=0x40104f01
[   12.692371] overlayfs: ovl_checkpoint: old upper injected as lower[1]
[   13.365089] overlayfs: ovl_dir_ioctl called: cmd=0x40104f01
[   13.365106] overlayfs: ovl_chk_busy: open inode (ino=5755457, count=1)
[   13.365111] overlayfs: ovl_checkpoint: continuing despite 1 open inodes (Lazy Switch enabled)
[   13.365138] overlayfs: ovl_checkpoint: old upper injected as lower[1]
[   14.508169] overlayfs: ovl_dir_ioctl called: cmd=0x40104f01
[   14.508232] overlayfs: ovl_checkpoint: old upper injected as lower[1]
[   15.519021] overlayfs: ovl_dir_ioctl called: cmd=0x40104f01
[   15.519089] overlayfs: ovl_checkpoint: old upper injected as lower[1]
[   16.529875] overlayfs: ovl_dir_ioctl called: cmd=0x40104f01
[   16.529946] overlayfs: ovl_checkpoint: old upper injected as lower[1]
[   17.537377] overlayfs: ovl_dir_ioctl called: cmd=0x40104f01
[   17.538668] overlayfs: ovl_chk_busy: open inode (ino=3068118, count=1)
[   17.538672] overlayfs: ovl_checkpoint: continuing despite 1 open inodes (Lazy Switch enabled)
[   17.538690] overlayfs: ovl_checkpoint: old upper injected as lower[1]
[   17.538736] ovl_ioctl_checkpoint: 8 callbacks suppressed
[   17.538738] overlayfs: ckpt_v25 kind=unknown ns: parse=1291557 kernpath=17597 swap=40985 free=1112 tail=1249 total=1352500
[   18.547691] overlayfs: ovl_dir_ioctl called: cmd=0x40104f01
[   18.547763] overlayfs: ovl_checkpoint: old upper injected as lower[1]
[   18.547824] overlayfs: ckpt_v25 kind=unknown ns: parse=53930 kernpath=15406 swap=54858 free=748 tail=682 total=125624
[   19.604650] overlayfs: ovl_dir_ioctl called: cmd=0x40104f01
[   19.604723] overlayfs: ovl_checkpoint: old upper injected as lower[1]
[   19.604838] overlayfs: ckpt_v25 kind=unknown ns: parse=16752 kernpath=31780 swap=104873 free=847 tail=1252 total=155504
[   19.650350] overlayfs: ovl_dir_ioctl called: cmd=0x40104f01
[   19.650366] overlayfs: ovl_chk_busy: open inode (ino=6923105, count=1)
[   19.650372] overlayfs: ovl_checkpoint: continuing despite 1 open inodes (Lazy Switch enabled)
[   19.650464] overlayfs: ovl_checkpoint: old upper injected as lower[1]
[   19.650668] overlayfs: ckpt_v25 kind=unknown ns: parse=16365 kernpath=94982 swap=192113 free=905 tail=1467 total=305832
[   19.689242] overlayfs: ovl_dir_ioctl called: cmd=0x40104f01
[   19.689266] overlayfs: ovl_checkpoint: old upper injected as lower[1]
[   19.689319] overlayfs: ckpt_v25 kind=unknown ns: parse=4523 kernpath=17655 swap=47091 free=449 tail=240 total=69958
[   19.729922] overlayfs: ovl_dir_ioctl called: cmd=0x40104f01
[   19.729951] overlayfs: ovl_checkpoint: old upper injected as lower[1]
[   19.730017] overlayfs: ckpt_v25 kind=unknown ns: parse=4822 kernpath=21065 swap=57915 free=531 tail=347 total=84680
[   19.793515] overlayfs: ovl_dir_ioctl called: cmd=0x40104f01
[   19.793531] overlayfs: ovl_chk_busy: open inode (ino=3068100, count=1)
[   19.793537] overlayfs: ovl_checkpoint: continuing despite 1 open inodes (Lazy Switch enabled)
[   19.793564] overlayfs: ovl_checkpoint: old upper injected as lower[1]
[   19.793652] overlayfs: ckpt_v25 kind=unknown ns: parse=15636 kernpath=28778 swap=78173 free=601 tail=1152 total=124340
[   20.390368] overlayfs: ovl_dir_ioctl called: cmd=0x40104f01
[   20.390380] overlayfs: ovl_chk_busy: open inode (ino=6923104, count=1)
[   20.390384] overlayfs: ovl_checkpoint: continuing despite 1 open inodes (Lazy Switch enabled)
[   20.390447] overlayfs: ovl_checkpoint: old upper injected as lower[1]
[   20.390514] overlayfs: ckpt_v25 kind=unknown ns: parse=11172 kernpath=65921 swap=57515 free=1045 tail=280 total=135933
[   20.424021] overlayfs: ovl_dir_ioctl called: cmd=0x40104f01
[   20.424037] overlayfs: ovl_chk_busy: open inode (ino=102051, count=1)
[   20.424043] overlayfs: ovl_checkpoint: continuing despite 1 open inodes (Lazy Switch enabled)
[   20.424067] overlayfs: ovl_checkpoint: old upper injected as lower[1]
[   20.424140] overlayfs: ckpt_v25 kind=unknown ns: parse=14968 kernpath=25745 swap=64563 free=1492 tail=412 total=107180
[   20.961309] overlayfs: ovl_dir_ioctl called: cmd=0x40104f01
[   20.961323] overlayfs: ovl_chk_busy: open inode (ino=3068102, count=1)
[   20.961326] overlayfs: ovl_checkpoint: continuing despite 1 open inodes (Lazy Switch enabled)
[   20.961344] overlayfs: ovl_checkpoint: old upper injected as lower[1]
[   20.961458] overlayfs: ckpt_v25 kind=unknown ns: parse=12262 kernpath=19443 swap=105337 free=1498 tail=1320 total=139860
[   21.043525] overlayfs: ovl_dir_ioctl called: cmd=0x40104f01
[   21.043536] overlayfs: ovl_chk_busy: open inode (ino=6923105, count=1)
[   21.043538] overlayfs: ovl_checkpoint: continuing despite 1 open inodes (Lazy Switch enabled)
[   21.043552] overlayfs: ovl_checkpoint: old upper injected as lower[1]
