[    0.000000] Linux version 6.8.0 (dyp@spr4numa) (gcc (Ubuntu 11.4.0-1ubuntu1~22.04.3) 11.4.0, GNU ld (GNU Binutils for Ubuntu) 2.38) #40 SMP PREEMPT_DYNAMIC Mon Sep 21 22:40:15 CST 2026
[    0.000000] Command line: console=ttyS0,115200n8 reboot=k panic=1 pci=off acpi=off ip=172.16.0.2::172.16.0.1:255.255.255.0::eth0:off rw init=/lib/systemd/systemd systemd.unit=multi-user.target root=/dev/vda rw virtio_mmio.device=4K@0xd0000000:5 virtio_mmio.device=4K@0xd0001000:6 virtio_mmio.device=4K@0xd0002000:7
[    0.000000] x86/split lock detection: #DB: warning on user-space bus_locks
[    0.000000] BIOS-provided physical RAM map:
[    0.000000] BIOS-e820: [mem 0x0000000000000000-0x000000000009fbff] usable
[    0.000000] BIOS-e820: [mem 0x000000000009fc00-0x000000000009ffff] reserved
[    0.000000] BIOS-e820: [mem 0x0000000000100000-0x000000007fffffff] usable
[    0.000000] NX (Execute Disable) protection: active
[    0.000000] APIC: Static calls initialized
[    0.000000] DMI not present or invalid.
[    0.000000] Hypervisor detected: KVM
[    0.000000] kvm-clock: Using msrs 4b564d01 and 4b564d00
[    0.000002] kvm-clock: using sched offset of 22611524 cycles
[    0.000005] clocksource: kvm-clock: mask: 0xffffffffffffffff max_cycles: 0x1cd42e4dffb, max_idle_ns: 881590591483 ns
[    0.000026] tsc: Detected 2100.000 MHz processor
[    0.000352] e820: update [mem 0x00000000-0x00000fff] usable ==> reserved
[    0.000355] e820: remove [mem 0x000a0000-0x000fffff] usable
[    0.000359] last_pfn = 0x80000 max_arch_pfn = 0x400000000
[    0.000419] MTRRs disabled by BIOS
[    0.000426] x86/PAT: Configuration [0-7]: WB  WC  UC- UC  WB  WP  UC- WT  
[    0.000504] found SMP MP-table at [mem 0x0009fc00-0x0009fc0f]
[    0.000558] Using GB pages for direct mapping
[    0.000759] No NUMA configuration found
[    0.000760] Faking a node at [mem 0x0000000000000000-0x000000007fffffff]
[    0.000763] NODE_DATA(0) allocated [mem 0x7fffc000-0x7fffffff]
[    0.000871] Zone ranges:
[    0.000875]   DMA      [mem 0x0000000000001000-0x0000000000ffffff]
[    0.000880]   DMA32    [mem 0x0000000001000000-0x000000007fffffff]
[    0.000884]   Normal   empty
[    0.000888] Movable zone start for each node
[    0.000891] Early memory node ranges
[    0.000892]   node   0: [mem 0x0000000000001000-0x000000000009efff]
[    0.000896]   node   0: [mem 0x0000000000100000-0x000000007fffffff]
[    0.000898] Initmem setup node 0 [mem 0x0000000000001000-0x000000007fffffff]
[    0.000926] On node 0, zone DMA: 1 pages in unavailable ranges
[    0.001262] On node 0, zone DMA: 97 pages in unavailable ranges
[    0.045085] Intel MultiProcessor Specification v1.4
[    0.045097] MPTABLE: OEM ID: FC      
[    0.045099] MPTABLE: Product ID: 000000000000
[    0.045099] MPTABLE: APIC at: 0xFEE00000
[    0.045121] Processor #0 (Bootup-CPU)
[    0.045122] Processor #1
[    0.045184] IOAPIC[0]: apic_id 3, version 17, address 0xfec00000, GSI 0-23
[    0.045189] Processors: 2
[    0.045190] TSC deadline timer available
[    0.045192] smpboot: Allowing 2 CPUs, 0 hotplug CPUs
[    0.045227] kvm-guest: APIC: eoi() replaced with kvm_guest_apic_eoi_write()
[    0.045284] kvm-guest: KVM setup pv remote TLB flush
[    0.045290] kvm-guest: setup PV sched yield
[    0.045302] PM: hibernation: Registered nosave memory: [mem 0x00000000-0x00000fff]
[    0.045307] PM: hibernation: Registered nosave memory: [mem 0x0009f000-0x0009ffff]
[    0.045309] PM: hibernation: Registered nosave memory: [mem 0x000a0000-0x000fffff]
[    0.045311] [mem 0x80000000-0xffffffff] available for PCI devices
[    0.045313] Booting paravirtualized kernel on KVM
[    0.045317] clocksource: refined-jiffies: mask: 0xffffffff max_cycles: 0xffffffff, max_idle_ns: 1910969940391419 ns
[    0.054115] setup_percpu: NR_CPUS:64 nr_cpumask_bits:2 nr_cpu_ids:2 nr_node_ids:1
[    0.057067] percpu: Embedded 54 pages/cpu s184040 r8192 d28952 u1048576
[    0.057082] pcpu-alloc: s184040 r8192 d28952 u1048576 alloc=1*2097152
[    0.057086] pcpu-alloc: [0] 0 1 
[    0.057135] Kernel command line: console=ttyS0,115200n8 reboot=k panic=1 pci=off acpi=off ip=172.16.0.2::172.16.0.1:255.255.255.0::eth0:off rw init=/lib/systemd/systemd systemd.unit=multi-user.target root=/dev/vda rw virtio_mmio.device=4K@0xd0000000:5 virtio_mmio.device=4K@0xd0001000:6 virtio_mmio.device=4K@0xd0002000:7
[    0.057502] random: crng init done
[    0.060236] Dentry cache hash table entries: 262144 (order: 9, 2097152 bytes, linear)
[    0.061609] Inode-cache hash table entries: 131072 (order: 8, 1048576 bytes, linear)
[    0.061707] Fallback order for Node 0: 0 
[    0.061723] Built 1 zonelists, mobility grouping on.  Total pages: 515840
[    0.061729] Policy zone: DMA32
[    0.061731] mem auto-init: stack:off, heap alloc:off, heap free:off
[    0.069952] Memory: 2024656K/2096760K available (16384K kernel code, 2856K rwdata, 5624K rodata, 2424K init, 2128K bss, 71848K reserved, 0K cma-reserved)
[    0.070034] SLUB: HWalign=64, Order=0-3, MinObjects=0, CPUs=2, Nodes=1
[    0.072947] Dynamic Preempt: voluntary
[    0.073049] rcu: Preemptible hierarchical RCU implementation.
[    0.073053] rcu: 	RCU event tracing is enabled.
[    0.073053] rcu: 	RCU restricting CPUs from NR_CPUS=64 to nr_cpu_ids=2.
[    0.073055] 	Trampoline variant of Tasks RCU enabled.
[    0.073059] rcu: RCU calculated value of scheduler-enlistment delay is 100 jiffies.
[    0.073060] rcu: Adjusting geometry for rcu_fanout_leaf=16, nr_cpu_ids=2
[    0.076792] NR_IRQS: 4352, nr_irqs: 56, preallocated irqs: 16
[    0.077107] rcu: srcu_init: Setting srcu_struct sizes based on contention.
[    0.077285] Console: colour dummy device 80x25
[    0.077382] printk: legacy console [ttyS0] enabled
[    0.130578] APIC: Switch to symmetric I/O mode setup
[    0.131151] kvm-guest: APIC: send_IPI_mask() replaced with kvm_send_ipi_mask()
[    0.131965] kvm-guest: APIC: send_IPI_mask_allbutself() replaced with kvm_send_ipi_mask_allbutself()
[    0.132965] kvm-guest: setup PV IPIs
[    0.134693] clocksource: tsc-early: mask: 0xffffffffffffffff max_cycles: 0x1e4530a99b6, max_idle_ns: 440795257976 ns
[    0.135857] Calibrating delay loop (skipped) preset value.. 4200.00 BogoMIPS (lpj=2100000)
[    0.136852] x86/cpu: User Mode Instruction Prevention (UMIP) activated
[    0.136852] Last level iTLB entries: 4KB 0, 2MB 0, 4MB 0
[    0.136852] Last level dTLB entries: 4KB 0, 2MB 0, 4MB 0, 1GB 0
[    0.136852] Spectre V1 : Mitigation: usercopy/swapgs barriers and __user pointer sanitization
[    0.136852] Spectre V2 : Mitigation: Enhanced / Automatic IBRS
[    0.136852] Spectre V2 : Spectre v2 / SpectreRSB mitigation: Filling RSB on context switch
[    0.136852] Spectre V2 : Spectre v2 / PBRSB-eIBRS: Retire a single CALL on VMEXIT
[    0.136852] Spectre V2 : mitigation: Enabling conditional Indirect Branch Prediction Barrier
[    0.136852] Speculative Store Bypass: Mitigation: Speculative Store Bypass disabled via prctl
[    0.136852] TAA: Mitigation: TSX disabled
[    0.136852] x86/fpu: Supporting XSAVE feature 0x001: 'x87 floating point registers'
[    0.136852] x86/fpu: Supporting XSAVE feature 0x002: 'SSE registers'
[    0.136852] x86/fpu: Supporting XSAVE feature 0x004: 'AVX registers'
[    0.136852] x86/fpu: Supporting XSAVE feature 0x020: 'AVX-512 opmask'
[    0.136852] x86/fpu: Supporting XSAVE feature 0x040: 'AVX-512 Hi256'
[    0.136852] x86/fpu: Supporting XSAVE feature 0x080: 'AVX-512 ZMM_Hi256'
[    0.136852] x86/fpu: Supporting XSAVE feature 0x200: 'Protection Keys User registers'
[    0.136852] x86/fpu: xstate_offset[2]:  576, xstate_sizes[2]:  256
[    0.136852] x86/fpu: xstate_offset[5]:  832, xstate_sizes[5]:   64
[    0.136852] x86/fpu: xstate_offset[6]:  896, xstate_sizes[6]:  512
[    0.136852] x86/fpu: xstate_offset[7]: 1408, xstate_sizes[7]: 1024
[    0.136852] x86/fpu: xstate_offset[9]: 2432, xstate_sizes[9]:    8
[    0.136852] x86/fpu: Enabled xstate features 0x2e7, context size is 2440 bytes, using 'compacted' format.
[    0.136852] Freeing SMP alternatives memory: 40K
[    0.136852] pid_max: default: 32768 minimum: 301
[    0.136852] LSM: initializing lsm=capability,selinux,integrity
[    0.136852] SELinux:  Initializing.
[    0.136852] Mount-cache hash table entries: 4096 (order: 3, 32768 bytes, linear)
[    0.136852] Mountpoint-cache hash table entries: 4096 (order: 3, 32768 bytes, linear)
[    0.136852] smpboot: CPU0: Intel(R) Xeon(R) Processor (family: 0x6, model: 0x8f, stepping: 0x8)
[    0.137308] RCU Tasks: Setting shift to 1 and lim to 1 rcu_task_cb_adjust=1.
[    0.137887] Performance Events: unsupported p6 CPU model 143 no PMU driver, software events only.
[    0.138937] signal: max sigframe size: 3632
[    0.139507] rcu: Hierarchical SRCU implementation.
[    0.139855] rcu: 	Max phase no-delay instances is 400.
[    0.141035] smp: Bringing up secondary CPUs ...
[    0.141836] smpboot: x86: Booting SMP configuration:
[    0.141859] .... node  #0, CPUs:      #1
[    0.142919] smp: Brought up 1 node, 2 CPUs
[    0.143857] smpboot: Max logical packages: 1
[    0.144371] smpboot: Total of 2 processors activated (8400.00 BogoMIPS)
[    0.145190] devtmpfs: initialized
[    0.146208] clocksource: jiffies: mask: 0xffffffff max_cycles: 0xffffffff, max_idle_ns: 1911260446275000 ns
[    0.146859] futex hash table entries: 512 (order: 3, 32768 bytes, linear)
[    0.147855] PM: RTC time: 00:00:00, date: 2000-00-00
[    0.148686] NET: Registered PF_NETLINK/PF_ROUTE protocol family
[    0.148993] audit: initializing netlink subsys (disabled)
[    0.149716] audit: type=2000 audit(1790001716.144:1): state=initialized audit_enabled=0 res=1
[    0.149716] thermal_sys: Registered thermal governor 'step_wise'
[    0.149855] thermal_sys: Registered thermal governor 'user_space'
[    0.150579] cpuidle: using governor menu
[    0.151610] kprobes: kprobe jump-optimization is enabled. All kprobes are optimized if possible.
[    0.155895] HugeTLB: registered 2.00 MiB page size, pre-allocated 0 pages
[    0.157864] HugeTLB: 28 KiB vmemmap can be freed for a 2.00 MiB page
[    0.160548] ACPI: Interpreter disabled.
[    0.161891] iommu: Default domain type: Translated
[    0.162860] iommu: DMA domain TLB invalidation policy: lazy mode
[    0.165109] SCSI subsystem initialized
[    0.167009] libata version 3.00 loaded.
[    0.167122] usbcore: registered new interface driver usbfs
[    0.168901] usbcore: registered new interface driver hub
[    0.169883] usbcore: registered new device driver usb
[    0.171894] pps_core: LinuxPPS API ver. 1 registered
[    0.173859] pps_core: Software ver. 5.3.6 - Copyright 2005-2007 Rodolfo Giometti <giometti@linux.it>
[    0.175863] PTP clock support registered
[    0.178215] Advanced Linux Sound Architecture Driver Initialized.
[    0.180368] NetLabel: Initializing
[    0.181859] NetLabel:  domain hash size = 128
[    0.182859] NetLabel:  protocols = UNLABELED CIPSOv4 CALIPSO
[    0.184891] NetLabel:  unlabeled traffic allowed by default
[    0.187109] clocksource: Switched to clocksource kvm-clock
[    0.189243] VFS: Disk quotas dquot_6.6.0
[    0.190483] VFS: Dquot-cache hash table entries: 512 (order 0, 4096 bytes)
[    0.192524] pnp: PnP ACPI: disabled
[    0.196111] NET: Registered PF_INET protocol family
[    0.198054] IP idents hash table entries: 32768 (order: 6, 262144 bytes, linear)
[    0.200829] tcp_listen_portaddr_hash hash table entries: 1024 (order: 2, 16384 bytes, linear)
[    0.202648] Table-perturb hash table entries: 65536 (order: 6, 262144 bytes, linear)
[    0.204245] TCP established hash table entries: 16384 (order: 5, 131072 bytes, linear)
[    0.206046] TCP bind hash table entries: 16384 (order: 7, 524288 bytes, linear)
[    0.208544] TCP: Hash tables configured (established 16384 bind 16384)
[    0.210007] UDP hash table entries: 1024 (order: 3, 32768 bytes, linear)
[    0.211282] UDP-Lite hash table entries: 1024 (order: 3, 32768 bytes, linear)
[    0.212623] NET: Registered PF_UNIX/PF_LOCAL protocol family
[    0.213829] RPC: Registered named UNIX socket transport module.
[    0.214792] RPC: Registered udp transport module.
[    0.215534] RPC: Registered tcp transport module.
[    0.216283] RPC: Registered tcp-with-tls transport module.
[    0.217148] RPC: Registered tcp NFSv4.1 backchannel transport module.
[    0.218630] virtio-mmio: Registering device virtio-mmio.0 at 0xd0000000-0xd0000fff, IRQ 5.
[    0.219882] virtio-mmio: Registering device virtio-mmio.1 at 0xd0001000-0xd0001fff, IRQ 6.
[    0.221072] virtio-mmio: Registering device virtio-mmio.2 at 0xd0002000-0xd0002fff, IRQ 7.
[    0.222256] clocksource: tsc: mask: 0xffffffffffffffff max_cycles: 0x1e4530a99b6, max_idle_ns: 440795257976 ns
[    0.224472] clocksource: Switched to clocksource tsc
[    0.225161] platform rtc_cmos: registered platform RTC device (no PNP device found)
[    0.279247] Initialise system trusted keyrings
[    0.280041] workingset: timestamp_bits=56 max_order=19 bucket_order=0
[    0.281356] NFS: Registering the id_resolver key type
[    0.282542] Key type id_resolver registered
[    0.283520] Key type id_legacy registered
[    0.284600] SGI XFS with ACLs, security attributes, realtime, scrub, repair, verbose warnings, quota, no debug enabled
[    0.286685] 9p: Installing v9fs 9p2000 file system support
[    0.301142] Key type asymmetric registered
[    0.301797] Asymmetric key parser 'x509' registered
[    0.302652] Block layer SCSI generic (bsg) driver version 0.4 loaded (major 251)
[    0.303813] io scheduler mq-deadline registered
[    0.304489] io scheduler kyber registered
[    0.305328] kworker/R-acpi_ (45) used greatest stack depth: 15528 bytes left
[    0.305653] Serial: 8250/16550 driver, 4 ports, IRQ sharing enabled
[    0.561945] serial8250: ttyS0 at I/O 0x3f8 (irq = 0, base_baud = 115200) is a 16550A
[    0.826520] serial8250: ttyS1 at I/O 0x2f8 (irq = 0, base_baud = 115200) is a 16550A
[    1.090527] serial8250: ttyS2 at I/O 0x3e8 (irq = 4, base_baud = 115200) is a 16550A
[    1.354505] serial8250: ttyS3 at I/O 0x2e8 (irq = 0, base_baud = 115200) is a 16550A
[    1.357672] Non-volatile memory driver v1.3
[    1.365243] loop: module loaded
[    1.366535] virtio_blk virtio0: 1/0/0 default/read/poll queues
[    1.369102] virtio_blk virtio0: [vda] 6291456 512-byte logical blocks (3.22 GB/3.00 GiB)
[    1.373407] virtio_blk virtio1: 1/0/0 default/read/poll queues
[    1.375978] virtio_blk virtio1: [vdb] 20971520 512-byte logical blocks (10.7 GB/10.0 GiB)
[    1.380315] tun: Universal TUN/TAP device driver, 1.6
[    1.383717] usbcore: registered new interface driver usblp
[    1.385496] usbcore: registered new interface driver usb-storage
[    1.387527] i8042: PNP: No PS/2 controller found.
[    1.389032] i8042: Probing ports directly.
[    1.400564] i8042: Failed to disable AUX port, but continuing anyway... Is this a SiS?
[    1.402553] i8042: If AUX port is really absent please use the 'i8042.noaux' option
[    1.657099] serio: i8042 KBD port at 0x60,0x64 irq 1
[    1.658797] rtc_cmos rtc_cmos: only 24-hr supported
[    1.660651] device-mapper: ioctl: 4.48.0-ioctl (2023-03-01) initialised: dm-devel@redhat.com
[    1.663295] intel_pstate: CPU model not supported
[    1.664831] hid: raw HID events driver (C) Jiri Kosina
[    1.666838] usbcore: registered new interface driver usbhid
[    1.668605] usbhid: USB HID core driver
[    1.669844] Driver 'wmi-bmof' was unable to register with bus_type 'wmi' because the bus was not initialized.
[    1.677079] Initializing XFRM netlink socket
[    1.678528] NET: Registered PF_INET6 protocol family
[    1.681272] Segment Routing with IPv6
[    1.682498] In-situ OAM (IOAM) with IPv6
[    1.683834] sit: IPv6, IPv4 and MPLS over IPv4 tunneling driver
[    1.686272] NET: Registered PF_PACKET protocol family
[    1.687953] 9pnet: Installing 9P2000 support
[    1.689353] Key type dns_resolver registered
[    1.691631] IPI shorthand broadcast: enabled
[    1.697131] sched_clock: Marking stable (1638006712, 58733835)->(1766288268, -69547721)
[    1.700004] registered taskstats version 1
[    1.701334] Loading compiled-in X.509 certificates
[    1.707729] PM:   Magic number: 0:110:269243
[    1.709206] printk: legacy console [netcon0] enabled
[    1.710797] netconsole: network logging started
[    2.161443] input: AT Raw Set 2 keyboard as /devices/platform/i8042/serio0/input/input0
[    2.176788] IP-Config: Complete:
[    2.177869]      device=eth0, hwaddr=aa:fc:00:00:00:02, ipaddr=172.16.0.2, mask=255.255.255.0, gw=172.16.0.1
[    2.180938]      host=172.16.0.2, domain=, nis-domain=(none)
[    2.182729]      bootserver=255.255.255.255, rootserver=255.255.255.255, rootpath=
[    2.182851] cfg80211: Loading compiled-in X.509 certificates for regulatory database
[    2.188098] kworker/u4:0 (50) used greatest stack depth: 14496 bytes left
[    2.191009] Loaded X.509 cert 'sforshee: 00b28ddf47aef9cea7'
[    2.193319] Loaded X.509 cert 'wens: 61c038651aabdcf94bd0ac7ff06c7248db18c600'
[    2.195619] ALSA device list:
[    2.196591]   No soundcards found.
[    2.197724] platform regulatory.0: Direct firmware load for regulatory.db failed with error -2
[    2.200430] cfg80211: failed to load regulatory.db
[    2.202452] md: Waiting for all devices to be available before autodetect
[    2.203704] md: If you don't use raid, use raid=noautodetect
[    2.204775] md: Autodetecting RAID arrays.
[    2.205550] md: autorun ...
[    2.206099] md: ... autorun DONE.
[    2.219799] XFS (vda): Mounting V5 Filesystem 5c7f2636-aa4a-42cf-b3eb-51a8c20bbd77
[    2.239312] XFS (vda): Ending clean mount
[    2.241348] xfs filesystem being mounted at /root supports timestamps until 2038-01-19 (0x7fffffff)
[    2.243043] VFS: Mounted root (xfs filesystem) on device 253:0.
[    2.244443] devtmpfs: mounted
[    2.248162] Freeing unused kernel image (initmem) memory: 2424K
[    2.249287] Write protecting the kernel read-only data: 22528k
[    2.252498] Freeing unused kernel image (rodata/data gap) memory: 520K
[    2.272722] x86/mm: Checked W+X mappings: passed, no W+X pages found.
[    2.273468] Run /lib/systemd/systemd as init process
[    2.274017]   with arguments:
[    2.274018]     /lib/systemd/systemd
[    2.274019]   with environment:
[    2.274020]     HOME=/
[    2.274021]     TERM=linux
[    2.372280] systemd[1]: systemd 255.4-1ubuntu8.15 running in system mode (+PAM +AUDIT +SELINUX +APPARMOR +IMA +SMACK +SECCOMP +GCRYPT -GNUTLS +OPENSSL +ACL +BLKID +CURL +ELFUTILS +FIDO2 +IDN2 -IDN +IPTC +KMOD +LIBCRYPTSETUP +LIBFDISK +PCRE2 -PWQUALITY +P11KIT +QRENCODE +TPM2 +BZIP2 +LZ4 +XZ +ZLIB +ZSTD -BPF_FRAMEWORK -XKBCOMMON +UTMP +SYSVINIT default-hierarchy=unified)
[    2.378129] systemd[1]: Detected virtualization kvm.
[    2.379150] systemd[1]: Detected architecture x86-64.
[    2.397917] systemd[1]: Hostname set to <firecracker-vm>.
[    2.400044] systemd[1]: Initializing machine ID from random generator.
[    2.474670] systemd-cryptse (65) used greatest stack depth: 13152 bytes left
[    2.567010] systemd[1]: Queued start job for default target multi-user.target.
[    2.577239] systemd[1]: Created slice system-modprobe.slice - Slice /system/modprobe.
[    2.632267] systemd[1]: Created slice system-serial\x2dgetty.slice - Slice /system/serial-getty.
[    2.686365] systemd[1]: Created slice user.slice - User and Session Slice.
[    2.731085] systemd[1]: Started systemd-ask-password-console.path - Dispatch Password Requests to Console Directory Watch.
[    2.785149] systemd[1]: Started systemd-ask-password-wall.path - Forward Password Requests to Wall Directory Watch.
[    2.839459] systemd[1]: Set up automount proc-sys-fs-binfmt_misc.automount - Arbitrary Executable File Formats File System Automount Point.
[    2.893108] systemd[1]: Expecting device dev-ttyS0.device - /dev/ttyS0...
[    2.929087] systemd[1]: Expecting device dev-vdb.device - /dev/vdb...
[    2.964990] systemd[1]: Reached target cryptsetup.target - Local Encrypted Volumes.
[    3.010124] systemd[1]: Reached target integritysetup.target - Local Integrity Protected Volumes.
[    3.064104] systemd[1]: Reached target paths.target - Path Units.
[    3.100094] systemd[1]: Reached target remote-fs.target - Remote File Systems.
[    3.145040] systemd[1]: Reached target slices.target - Slice Units.
[    3.181144] systemd[1]: Reached target swap.target - Swaps.
[    3.217011] systemd[1]: Reached target veritysetup.target - Local Verity Protected Volumes.
[    3.271726] systemd[1]: Listening on syslog.socket - Syslog Socket.
[    3.307300] systemd[1]: Listening on systemd-fsckd.socket - fsck to fsckd communication Socket.
[    3.361162] systemd[1]: Listening on systemd-initctl.socket - initctl Compatibility Named Pipe.
[    3.415297] systemd[1]: Listening on systemd-journald-dev-log.socket - Journal Socket (/dev/log).
[    3.469349] systemd[1]: Listening on systemd-journald.socket - Journal Socket.
[    3.514679] systemd[1]: Listening on systemd-networkd.socket - Network Service Netlink Socket.
[    3.568074] systemd[1]: systemd-pcrextend.socket - TPM2 PCR Extension (Varlink) was skipped because of an unmet condition check (ConditionSecurity=measured-uki).
[    3.572300] systemd[1]: Listening on systemd-udevd-control.socket - udev Control Socket.
[    3.622121] systemd[1]: Listening on systemd-udevd-kernel.socket - udev Kernel Socket.
[    3.685877] systemd[1]: Mounting dev-hugepages.mount - Huge Pages File System...
[    3.740882] systemd[1]: Mounting dev-mqueue.mount - POSIX Message Queue File System...
[    3.794877] systemd[1]: Mounting sys-kernel-debug.mount - Kernel Debug File System...
[    3.848868] systemd[1]: Mounting sys-kernel-tracing.mount - Kernel Trace File System...
[    3.893280] systemd[1]: systemd-journald.service: unit configures an IP firewall, but the local system does not support BPF/cgroup firewalling.
[    3.895613] systemd[1]: systemd-journald.service: (This warning is only shown for the first unit using IP firewalling.)
[    3.907002] systemd[1]: Starting systemd-journald.service - Journal Service...
[    3.943485] systemd-journald[80]: Collecting audit messages is disabled.
[    3.946021] systemd[1]: Starting keyboard-setup.service - Set the console keyboard layout...
[    3.994155] systemd[1]: kmod-static-nodes.service - Create List of Static Device Nodes was skipped because of an unmet condition check (ConditionFileNotEmpty=/lib/modules/6.8.0/modules.devname).
[    4.003158] systemd[1]: Starting modprobe@configfs.service - Load Kernel Module configfs...
[    4.055179] systemd[1]: Starting modprobe@dm_mod.service - Load Kernel Module dm_mod...
[    4.112177] systemd[1]: Starting modprobe@drm.service - Load Kernel Module drm...
[    4.166959] systemd[1]: Starting modprobe@efi_pstore.service - Load Kernel Module efi_pstore...
[    4.229938] systemd[1]: Starting modprobe@fuse.service - Load Kernel Module fuse...
[    4.287305] systemd[1]: Starting modprobe@loop.service - Load Kernel Module loop...
[    4.333016] systemd[1]: netplan-ovs-cleanup.service - OpenVSwitch configuration for cleanup was skipped because of an unmet condition check (ConditionFileIsExecutable=/usr/bin/ovs-vsctl).
[    4.336132] systemd[1]: systemd-fsck-root.service - File System Check on Root Device was skipped because of an unmet condition check (ConditionPathIsReadWrite=!/).
[    4.343941] systemd[1]: Starting systemd-modules-load.service - Load Kernel Modules...
[    4.398040] systemd[1]: Starting systemd-network-generator.service - Generate network units from Kernel command line...
[    4.450968] systemd[1]: systemd-pcrmachine.service - TPM2 PCR Machine ID Measurement was skipped because of an unmet condition check (ConditionSecurity=measured-uki).
[    4.460070] systemd[1]: Starting systemd-remount-fs.service - Remount Root and Kernel File Systems...
[    4.463477] systemd[1]: Starting systemd-tmpfiles-setup-dev-early.service - Create Static Device Nodes in /dev gracefully...
[    4.567989] systemd[1]: systemd-tpm2-setup-early.service - TPM2 SRK Setup (Early) was skipped because of an unmet condition check (ConditionSecurity=measured-uki).
[    4.578483] systemd[1]: Starting systemd-udev-trigger.service - Coldplug All udev Devices...
[    4.624258] systemd[1]: Started systemd-journald.service - Journal Service.
[    5.587786] systemd-journald[80]: Received client request to flush runtime journal.
[    6.319365] XFS (vdb): Mounting V5 Filesystem fe270692-0a7a-4123-9c53-3d6c02f70e5f
[    6.333091] XFS (vdb): Ending clean mount
[    8.434597] e2scrub_all (190) used greatest stack depth: 12944 bytes left
[    9.500242] savelog (183) used greatest stack depth: 12848 bytes left
[   11.145885] scp (378) used greatest stack depth: 12448 bytes left
[   12.161889] overlayfs: ovl_dir_ioctl called: cmd=0x40104f01
[   12.161906] overlayfs: ovl_chk_busy: open inode (ino=3068100, count=1)
[   12.161908] overlayfs: ovl_checkpoint: continuing despite 1 open inodes (Lazy Switch enabled)
[   12.161924] overlayfs: ovl_checkpoint: old upper injected as lower[1]
[   12.162011] overlayfs: ckpt_v25 kind=unknown ns: parse=7227 kernpath=17439 swap=81754 free=982 tail=766 total=108168
[   12.163584] overlayfs: ovl_dir_ioctl called: cmd=0x00005401
[   12.163588] overlayfs: Unknown ioctl command
[   12.178470] overlayfs: ovl_dir_ioctl called: cmd=0x40104f01
[   12.178476] overlayfs: ovl_chk_busy: open inode (ino=6923108, count=1)
[   12.178478] overlayfs: ovl_checkpoint: continuing despite 1 open inodes (Lazy Switch enabled)
[   12.178491] overlayfs: ovl_checkpoint: old upper injected as lower[1]
[   12.178518] overlayfs: ckpt_v25 kind=unknown ns: parse=6168 kernpath=14501 swap=20453 free=795 tail=1061 total=42978
[   12.190234] overlayfs: ovl_dir_ioctl called: cmd=0x40104f01
[   12.190241] overlayfs: ovl_chk_busy: open inode (ino=3068100, count=1)
[   12.190243] overlayfs: ovl_checkpoint: continuing despite 1 open inodes (Lazy Switch enabled)
[   12.190267] overlayfs: ovl_checkpoint: old upper injected as lower[1]
[   12.190296] overlayfs: ckpt_v25 kind=unknown ns: parse=5669 kernpath=26897 swap=22949 free=697 tail=733 total=56945
[   12.203233] overlayfs: ovl_dir_ioctl called: cmd=0x40104f01
[   12.203240] overlayfs: ovl_chk_busy: open inode (ino=6923107, count=1)
[   12.203241] overlayfs: ovl_checkpoint: continuing despite 1 open inodes (Lazy Switch enabled)
[   12.203264] overlayfs: ovl_checkpoint: old upper injected as lower[1]
[   12.203292] overlayfs: ckpt_v25 kind=unknown ns: parse=6001 kernpath=23421 swap=23386 free=780 tail=581 total=54169
[   12.203361] overlayfs: ovl_dir_ioctl called: cmd=0x00005401
[   12.203363] overlayfs: Unknown ioctl command
[   12.204424] overlayfs: ovl_dir_ioctl called: cmd=0x00005401
[   12.204427] overlayfs: Unknown ioctl command
[   12.217599] python3 (412) used greatest stack depth: 11432 bytes left
